2026-09-07 02:01:07.578: [INFO] CurrentProfilePath: D:\PBO_ECL\.metadata\.plugins\org.eclipse.swt\EBWebView\Default
2026-09-07 02:01:07.578: [INFO] Profiles total count: 1
2026-09-07 02:01:07.578: [INFO] Profile: name=Profile 1 path=D:\PBO_ECL\.metadata\.plugins\org.eclipse.swt\EBWebView\Default lastActive=null
2026-09-07 02:01:07.578: [INFO] LastUsedProfileDir: D:\PBO_ECL\.metadata\.plugins\org.eclipse.swt\EBWebView\Default
2026-09-07 02:01:07.578: [INFO] OnDoneLoading sync enabled: 0
2026-09-07 02:01:07.578: [INFO] BookmarkModelLoaded, ids_reassigned: 0
2026-09-07 02:01:07.578: [INFO] BookmarksLoadDropped droppedNodes=0
2026-09-07 02:01:07.578: [INFO] BookmarksSnapshot Startup total=0 bar=0 other=0 mobile=0 showBar=0 showBarNTP=1
2026-09-07 02:09:18.739: [INFO] BookmarksSnapshot Shutdown total=0 bar=0 other=0 mobile=0 showBar=0 showBarNTP=1
2026-09-07 02:15:31.174: [INFO] CurrentProfilePath: D:\PBO_ECL\.metadata\.plugins\org.eclipse.swt\EBWebView\Default
2026-09-07 02:15:31.174: [INFO] Profiles total count: 1
2026-09-07 02:15:31.174: [INFO] Profile: name=Profile 1 path=D:\PBO_ECL\.metadata\.plugins\org.eclipse.swt\EBWebView\Default lastActive=2026-09-07T02:09:17.926Z
2026-09-07 02:15:31.174: [INFO] LastUsedProfileDir: D:\PBO_ECL\.metadata\.plugins\org.eclipse.swt\EBWebView\Default
2026-09-07 02:15:31.174: [INFO] MostRecentlyActiveProfile: name=Profile 1 path=D:\PBO_ECL\.metadata\.plugins\org.eclipse.swt\EBWebView\Default lastActive=2026-09-07T02:09:17.926Z
2026-09-07 02:15:31.174: [INFO] OnDoneLoading sync enabled: 0
2026-09-07 02:15:31.174: [INFO] BookmarkModelLoaded, ids_reassigned: 0
2026-09-07 02:15:31.174: [INFO] BookmarksLoadDropped droppedNodes=0
2026-09-07 02:15:31.174: [INFO] BookmarksSnapshot Startup total=0 bar=0 other=0 mobile=0 showBar=0 showBarNTP=1
2026-09-07 03:07:41.407: [INFO] BookmarksSnapshot Shutdown total=0 bar=0 other=0 mobile=0 showBar=0 showBarNTP=1
2026-09-07 13:01:33.353: [INFO] CurrentProfilePath: D:\PBO_ECL\.metadata\.plugins\org.eclipse.swt\EBWebView\Default
2026-09-07 13:01:33.353: [INFO] Profiles total count: 1
2026-09-07 13:01:33.353: [INFO] Profile: name=Profile 1 path=D:\PBO_ECL\.metadata\.plugins\org.eclipse.swt\EBWebView\Default lastActive=2026-09-07T02:46:45.548Z
2026-09-07 13:01:33.353: [INFO] LastUsedProfileDir: D:\PBO_ECL\.metadata\.plugins\org.eclipse.swt\EBWebView\Default
2026-09-07 13:01:33.353: [INFO] MostRecentlyActiveProfile: name=Profile 1 path=D:\PBO_ECL\.metadata\.plugins\org.eclipse.swt\EBWebView\Default lastActive=2026-09-07T02:46:45.548Z
2026-09-07 13:01:33.353: [INFO] OnDoneLoading sync enabled: 0
2026-09-07 13:01:33.353: [INFO] BookmarkModelLoaded, ids_reassigned: 0
2026-09-07 13:01:33.353: [INFO] BookmarksLoadDropped droppedNodes=0
2026-09-07 13:01:33.353: [INFO] BookmarksSnapshot Startup total=0 bar=0 other=0 mobile=0 showBar=0 showBarNTP=1
2026-09-07 13:01:36.483: [INFO] BookmarksSnapshot Shutdown total=0 bar=0 other=0 mobile=0 showBar=0 showBarNTP=1
2026-09-13 07:12:07.899: [INFO] CurrentProfilePath: D:\PBO_ECL\.metadata\.plugins\org.eclipse.swt\EBWebView\Default
2026-09-13 07:12:07.899: [INFO] Profiles total count: 1
2026-09-13 07:12:07.899: [INFO] Profile: name=Profile 1 path=D:\PBO_ECL\.metadata\.plugins\org.eclipse.swt\EBWebView\Default lastActive=2026-09-07T02:46:45.548Z
2026-09-13 07:12:07.899: [INFO] LastUsedProfileDir: D:\PBO_ECL\.metadata\.plugins\org.eclipse.swt\EBWebView\Default
2026-09-13 07:12:07.899: [INFO] MostRecentlyActiveProfile: name=Profile 1 path=D:\PBO_ECL\.metadata\.plugins\org.eclipse.swt\EBWebView\Default lastActive=2026-09-07T02:46:45.548Z
2026-09-13 07:12:07.899: [INFO] OnDoneLoading sync enabled: 0
2026-09-13 07:12:07.899: [INFO] BookmarkModelLoaded, ids_reassigned: 0
2026-09-13 07:12:07.899: [INFO] BookmarksLoadDropped droppedNodes=0
2026-09-13 07:12:07.899: [INFO] BookmarksSnapshot Startup total=0 bar=0 other=0 mobile=0 showBar=0 showBarNTP=1
2026-09-13 07:13:12.253: [INFO] BookmarksSnapshot Shutdown total=0 bar=0 other=0 mobile=0 showBar=0 showBarNTP=1
2026-09-13 07:18:59.175: [INFO] CurrentProfilePath: D:\PBO_ECL\.metadata\.plugins\org.eclipse.swt\EBWebView\Default
2026-09-13 07:18:59.175: [INFO] Profiles total count: 1
2026-09-13 07:18:59.175: [INFO] Profile: name=Profile 1 path=D:\PBO_ECL\.metadata\.plugins\org.eclipse.swt\EBWebView\Default lastActive=2026-09-07T02:46:45.548Z
2026-09-13 07:18:59.175: [INFO] LastUsedProfileDir: D:\PBO_ECL\.metadata\.plugins\org.eclipse.swt\EBWebView\Default
2026-09-13 07:18:59.175: [INFO] MostRecentlyActiveProfile: name=Profile 1 path=D:\PBO_ECL\.metadata\.plugins\org.eclipse.swt\EBWebView\Default lastActive=2026-09-07T02:46:45.548Z
2026-09-13 07:18:59.175: [INFO] OnDoneLoading sync enabled: 0
2026-09-13 07:18:59.175: [INFO] BookmarkModelLoaded, ids_reassigned: 0
2026-09-13 07:18:59.175: [INFO] BookmarksLoadDropped droppedNodes=0
2026-09-13 07:18:59.175: [INFO] BookmarksSnapshot Startup total=0 bar=0 other=0 mobile=0 showBar=0 showBarNTP=1
2026-09-13 07:33:43.157: [INFO] BookmarksSnapshot Shutdown total=0 bar=0 other=0 mobile=0 showBar=0 showBarNTP=1
2026-09-13 11:20:08.536: [INFO] CurrentProfilePath: D:\PBO_ECL\.metadata\.plugins\org.eclipse.swt\EBWebView\Default
2026-09-13 11:20:08.536: [INFO] Profiles total count: 1
2026-09-13 11:20:08.536: [INFO] Profile: name=Profile 1 path=D:\PBO_ECL\.metadata\.plugins\org.eclipse.swt\EBWebView\Default lastActive=2026-09-07T02:46:45.548Z
2026-09-13 11:20:08.536: [INFO] LastUsedProfileDir: D:\PBO_ECL\.metadata\.plugins\org.eclipse.swt\EBWebView\Default
2026-09-13 11:20:08.536: [INFO] MostRecentlyActiveProfile: name=Profile 1 path=D:\PBO_ECL\.metadata\.plugins\org.eclipse.swt\EBWebView\Default lastActive=2026-09-07T02:46:45.548Z
2026-09-13 11:20:08.536: [INFO] OnDoneLoading sync enabled: 0
2026-09-13 11:20:08.536: [INFO] BookmarkModelLoaded, ids_reassigned: 0
2026-09-13 11:20:08.536: [INFO] BookmarksLoadDropped droppedNodes=0
2026-09-13 11:20:08.536: [INFO] BookmarksSnapshot Startup total=0 bar=0 other=0 mobile=0 showBar=0 showBarNTP=1
2026-09-13 11:20:09.565: [INFO] BookmarksSnapshot Shutdown total=0 bar=0 other=0 mobile=0 showBar=0 showBarNTP=1
2026-09-13 11:20:10.493: [INFO] CurrentProfilePath: D:\PBO_ECL\.metadata\.plugins\org.eclipse.swt\EBWebView\Default
2026-09-13 11:20:10.493: [INFO] Profiles total count: 1
2026-09-13 11:20:10.493: [INFO] Profile: name=Profile 1 path=D:\PBO_ECL\.metadata\.plugins\org.eclipse.swt\EBWebView\Default lastActive=2026-09-07T02:46:45.548Z
2026-09-13 11:20:10.493: [INFO] LastUsedProfileDir: D:\PBO_ECL\.metadata\.plugins\org.eclipse.swt\EBWebView\Default
2026-09-13 11:20:10.493: [INFO] MostRecentlyActiveProfile: name=Profile 1 path=D:\PBO_ECL\.metadata\.plugins\org.eclipse.swt\EBWebView\Default lastActive=2026-09-07T02:46:45.548Z
2026-09-13 11:20:10.493: [INFO] OnDoneLoading sync enabled: 0
2026-09-13 11:20:10.493: [INFO] BookmarkModelLoaded, ids_reassigned: 0
2026-09-13 11:20:10.493: [INFO] BookmarksLoadDropped droppedNodes=0
2026-09-13 11:20:10.493: [INFO] BookmarksSnapshot Startup total=0 bar=0 other=0 mobile=0 showBar=0 showBarNTP=1
2026-09-13 11:20:13.021: [INFO] BookmarksSnapshot Shutdown total=0 bar=0 other=0 mobile=0 showBar=0 showBarNTP=1
2026-09-13 11:47:13.199: [INFO] CurrentProfilePath: D:\PBO_ECL\.metadata\.plugins\org.eclipse.swt\EBWebView\Default
2026-09-13 11:47:13.199: [INFO] Profiles total count: 1
2026-09-13 11:47:13.199: [INFO] Profile: name=Profile 1 path=D:\PBO_ECL\.metadata\.plugins\org.eclipse.swt\EBWebView\Default lastActive=2026-09-07T02:46:45.548Z
2026-09-13 11:47:13.199: [INFO] LastUsedProfileDir: D:\PBO_ECL\.metadata\.plugins\org.eclipse.swt\EBWebView\Default
2026-09-13 11:47:13.199: [INFO] MostRecentlyActiveProfile: name=Profile 1 path=D:\PBO_ECL\.metadata\.plugins\org.eclipse.swt\EBWebView\Default lastActive=2026-09-07T02:46:45.548Z
2026-09-13 11:47:13.199: [INFO] OnDoneLoading sync enabled: 0
2026-09-13 11:47:13.199: [INFO] BookmarkModelLoaded, ids_reassigned: 0
2026-09-13 11:47:13.199: [INFO] BookmarksLoadDropped droppedNodes=0
2026-09-13 11:47:13.199: [INFO] BookmarksSnapshot Startup total=0 bar=0 other=0 mobile=0 showBar=0 showBarNTP=1
2026-09-13 15:20:06.604: [INFO] BookmarksSnapshot Shutdown total=0 bar=0 other=0 mobile=0 showBar=0 showBarNTP=1
2026-09-13 15:20:06.684: [INFO] CurrentProfilePath: D:\PBO_ECL\.metadata\.plugins\org.eclipse.swt\EBWebView\Default
2026-09-13 15:20:06.684: [INFO] Profiles total count: 1
2026-09-13 15:20:06.684: [INFO] Profile: name=Profile 1 path=D:\PBO_ECL\.metadata\.plugins\org.eclipse.swt\EBWebView\Default lastActive=2026-09-07T02:46:45.548Z
2026-09-13 15:20:06.684: [INFO] LastUsedProfileDir: D:\PBO_ECL\.metadata\.plugins\org.eclipse.swt\EBWebView\Default
2026-09-13 15:20:06.684: [INFO] MostRecentlyActiveProfile: name=Profile 1 path=D:\PBO_ECL\.metadata\.plugins\org.eclipse.swt\EBWebView\Default lastActive=2026-09-07T02:46:45.548Z
2026-09-13 15:20:06.684: [INFO] OnDoneLoading sync enabled: 0
2026-09-13 15:20:06.684: [INFO] BookmarkModelLoaded, ids_reassigned: 0
2026-09-13 15:20:06.684: [INFO] BookmarksLoadDropped droppedNodes=0
2026-09-13 15:20:06.684: [INFO] BookmarksSnapshot Startup total=0 bar=0 other=0 mobile=0 showBar=0 showBarNTP=1
2026-09-13 15:39:42.022: [INFO] BookmarksSnapshot Shutdown total=0 bar=0 other=0 mobile=0 showBar=0 showBarNTP=1
2026-09-13 15:39:47.579: [INFO] CurrentProfilePath: D:\PBO_ECL\.metadata\.plugins\org.eclipse.swt\EBWebView\Default
2026-09-13 15:39:47.579: [INFO] Profiles total count: 1
2026-09-13 15:39:47.579: [INFO] Profile: name=Profile 1 path=D:\PBO_ECL\.metadata\.plugins\org.eclipse.swt\EBWebView\Default lastActive=2026-09-07T02:46:45.548Z
2026-09-13 15:39:47.579: [INFO] LastUsedProfileDir: D:\PBO_ECL\.metadata\.plugins\org.eclipse.swt\EBWebView\Default
2026-09-13 15:39:47.579: [INFO] MostRecentlyActiveProfile: name=Profile 1 path=D:\PBO_ECL\.metadata\.plugins\org.eclipse.swt\EBWebView\Default lastActive=2026-09-07T02:46:45.548Z
2026-09-13 15:39:47.579: [INFO] OnDoneLoading sync enabled: 0
2026-09-13 15:39:47.579: [INFO] BookmarkModelLoaded, ids_reassigned: 0
2026-09-13 15:39:47.579: [INFO] BookmarksLoadDropped droppedNodes=0
2026-09-13 15:39:47.579: [INFO] BookmarksSnapshot Startup total=0 bar=0 other=0 mobile=0 showBar=0 showBarNTP=1
2026-09-13 15:45:10.911: [INFO] BookmarksSnapshot Shutdown total=0 bar=0 other=0 mobile=0 showBar=0 showBarNTP=1
2026-09-13 15:45:10.985: [INFO] CurrentProfilePath: D:\PBO_ECL\.metadata\.plugins\org.eclipse.swt\EBWebView\Default
2026-09-13 15:45:10.985: [INFO] Profiles total count: 1
2026-09-13 15:45:10.985: [INFO] Profile: name=Profile 1 path=D:\PBO_ECL\.metadata\.plugins\org.eclipse.swt\EBWebView\Default lastActive=2026-09-07T02:46:45.548Z
2026-09-13 15:45:10.985: [INFO] LastUsedProfileDir: D:\PBO_ECL\.metadata\.plugins\org.eclipse.swt\EBWebView\Default
2026-09-13 15:45:10.985: [INFO] MostRecentlyActiveProfile: name=Profile 1 path=D:\PBO_ECL\.metadata\.plugins\org.eclipse.swt\EBWebView\Default lastActive=2026-09-07T02:46:45.548Z
2026-09-13 15:45:10.985: [INFO] OnDoneLoading sync enabled: 0
2026-09-13 15:45:10.985: [INFO] BookmarkModelLoaded, ids_reassigned: 0
2026-09-13 15:45:10.985: [INFO] BookmarksLoadDropped droppedNodes=0
2026-09-13 15:45:10.985: [INFO] BookmarksSnapshot Startup total=0 bar=0 other=0 mobile=0 showBar=0 showBarNTP=1
2026-09-13 16:50:10.589: [INFO] BookmarksSnapshot Shutdown total=0 bar=0 other=0 mobile=0 showBar=0 showBarNTP=1
